Total number of variables............................:      808
                     variables with only lower bounds:      202
                variables with lower and upper bounds:      404
                     variables with only upper bounds:        0
Total number of equality constraints.................:      609
Total number of inequality constraints...............:        0
        inequality constraints with only lower bounds:        0
   inequality constraints with lower and upper bounds:        0
        inequality constraints with only upper bounds:        0

